
> financeai-frontend@0.1.0 test:e2e
> playwright test


Running 230 tests using 8 workers

  Ô£ô    4 [chromium] ÔÇ║ e2e\auth.spec.ts:14:7 ÔÇ║ Authentication Flow ÔÇ║ should display landing page (3.2s)
  Ô£ô    1 [chromium] ÔÇ║ e2e\auth.spec.ts:23:7 ÔÇ║ Authentication Flow ÔÇ║ should navigate to login page (7.9s)
  Ô£ô    6 [chromium] ÔÇ║ e2e\auth.spec.ts:30:7 ÔÇ║ Authentication Flow ÔÇ║ should show validation errors on empty login form (8.2s)
  Ô£ÿ    3 [chromium] ÔÇ║ e2e\auth.spec.ts:79:7 ÔÇ║ Authentication Flow ÔÇ║ should show password mismatch error (7.7s)
  Ô£ô    2 [chromium] ÔÇ║ e2e\auth.spec.ts:70:7 ÔÇ║ Authentication Flow ÔÇ║ should navigate to register page (9.6s)
  Ô£ÿ    8 [chromium] ÔÇ║ e2e\auth.spec.ts:58:7 ÔÇ║ Authentication Flow ÔÇ║ should show error on invalid credentials (9.1s)
